
Allocating common symbols
Common symbol       size              file

data                0x40              ./output/main.o

Memory Configuration

Name             Origin             Length             Attributes
FLASH            0x0000000008000000 0x0000000000008000 xr
RAM              0x0000000020000000 0x0000000000001000 xrw
*default*        0x0000000000000000 0xffffffffffffffff

Linker script and memory map


.text           0x0000000008000000      0xdb3
 *(.vectors)
 .vectors       0x0000000008000000       0xc0 ./output/startup_ARMCM0.o
                0x0000000008000000                __Vectors
                0x00000000080000c0                __Vectors_End = .
                0x00000000000000c0                __Vectors_Size = (__Vectors_End - __Vectors)
                0x00000000080000c0                __end__ = .
 *(.text*)
 .text          0x00000000080000c0      0x104 ./output/systick.o
                0x00000000080000c0                systick_init
                0x00000000080000fc                start_systick
                0x000000000800013c                get_flag_systick
                0x0000000008000164                delay_ms_systick
                0x0000000008000198                delay_us_systick
 .text          0x00000000080001c4      0x17c ./output/usart.o
                0x00000000080001c4                usart_init
                0x00000000080002a4                usart_send_byte
                0x00000000080002f0                usart_send_string
 .text          0x0000000008000340      0x478 ./output/interrupt.o
                0x0000000008000340                Reserved_IRQHandler
                0x0000000008000346                NMI_Handler
                0x000000000800034c                HardFault_Handler
                0x0000000008000352                SVC_Handler
                0x0000000008000358                PendSV_Handler
                0x000000000800035e                SysTick_Handler
                0x0000000008000364                Interrupt_Extern_0
                0x00000000080003a0                Interrupt_Uart_1_Function
                0x00000000080003f8                enable_interrupt_EXTI
                0x0000000008000728                enable_interrupt_UART1
 .text          0x00000000080007b8       0x7e ./output/button_polling.o
                0x00000000080007b8                check_button_polling
 *fill*         0x0000000008000836        0x2 
 .text          0x0000000008000838      0x18c ./output/gpio.o
                0x0000000008000838                init_gpio_pin
                0x000000000800089e                set_led_on
                0x00000000080008cc                set_led_off
                0x00000000080008fc                init_alt_pin
 .text          0x00000000080009c4      0x26c ./output/clock.o
                0x00000000080009c4                system_init
                0x0000000008000bb8                enable_clock_gpio
                0x0000000008000c00                enable_clock_uart
 .text          0x0000000008000c30      0x16c ./output/main.o
                0x0000000008000c30                delay
                0x0000000008000c70                main
 .text          0x0000000008000d9c        0x4 ./output/startup_ARMCM0.o
                0x0000000008000d9c                Reset_Handler
 *(.init)
 *(.fini)
 *(.rodata*)
 .rodata        0x0000000008000da0       0x13 ./output/main.o
 *(.eh_frame*)

.glue_7         0x0000000008000db4        0x0
 .glue_7        0x0000000008000db4        0x0 linker stubs

.glue_7t        0x0000000008000db4        0x0
 .glue_7t       0x0000000008000db4        0x0 linker stubs

.vfp11_veneer   0x0000000008000db4        0x0
 .vfp11_veneer  0x0000000008000db4        0x0 linker stubs

.v4_bx          0x0000000008000db4        0x0
 .v4_bx         0x0000000008000db4        0x0 linker stubs

.iplt           0x0000000008000db4        0x0
 .iplt          0x0000000008000db4        0x0 ./output/systick.o

.rel.dyn        0x0000000008000db4        0x0
 .rel.iplt      0x0000000008000db4        0x0 ./output/systick.o

.data           0x0000000020000000        0x0
                0x0000000020000000                __data_start__ = .
 *(vtable)
 *(.data*)
 .data          0x0000000020000000        0x0 ./output/systick.o
 .data          0x0000000020000000        0x0 ./output/usart.o
 .data          0x0000000020000000        0x0 ./output/interrupt.o
 .data          0x0000000020000000        0x0 ./output/button_polling.o
 .data          0x0000000020000000        0x0 ./output/gpio.o
 .data          0x0000000020000000        0x0 ./output/clock.o
 .data          0x0000000020000000        0x0 ./output/main.o
 .data          0x0000000020000000        0x0 ./output/startup_ARMCM0.o
                0x0000000020000000                __data_end__ = .

.igot.plt       0x0000000020000000        0x0
 .igot.plt      0x0000000020000000        0x0 ./output/systick.o

.bss            0x0000000020000000       0x48
                0x0000000020000000                . = ALIGN (0x4)
                0x0000000020000000                __bss_start__ = .
 *(.bss*)
 .bss           0x0000000020000000        0x0 ./output/systick.o
 .bss           0x0000000020000000        0x0 ./output/usart.o
 .bss           0x0000000020000000        0x5 ./output/interrupt.o
                0x0000000020000000                state
                0x0000000020000004                rx_data
 .bss           0x0000000020000005        0x0 ./output/button_polling.o
 .bss           0x0000000020000005        0x0 ./output/gpio.o
 .bss           0x0000000020000005        0x0 ./output/clock.o
 .bss           0x0000000020000005        0x1 ./output/main.o
                0x0000000020000005                temp
 .bss           0x0000000020000006        0x0 ./output/startup_ARMCM0.o
 *(COMMON)
 *fill*         0x0000000020000006        0x2 
 COMMON         0x0000000020000008       0x40 ./output/main.o
                0x0000000020000008                data
                0x0000000020000048                . = ALIGN (0x4)
                0x0000000020000048                __bss_end__ = .

.heap           0x0000000020000048      0x200
                0x0000000020000048                __HeapBase = .
                0x0000000020000048                __end__ = .
                0x0000000020000048                end = __end__
 *(.heap*)
 .heap          0x0000000020000048      0x200 ./output/startup_ARMCM0.o
                0x0000000020000248                __HeapLimit = .

.stack_dummy    0x0000000020000048      0x100
 *(.stack*)
 .stack         0x0000000020000048      0x100 ./output/startup_ARMCM0.o
                0x0000000020001000                __StackTop = (ORIGIN (RAM) + LENGTH (RAM))
                0x0000000020000f00                __StackLimit = (__StackTop - SIZEOF (.stack_dummy))
                [!provide]                        PROVIDE (__stack = __StackTop)
                0x0000000000000001                ASSERT ((__StackLimit >= __HeapLimit), region RAM overflowed with stack)
LOAD ./output/systick.o
LOAD ./output/usart.o
LOAD ./output/interrupt.o
LOAD ./output/button_polling.o
LOAD ./output/gpio.o
LOAD ./output/clock.o
LOAD ./output/main.o
LOAD ./output/startup_ARMCM0.o
OUTPUT(./output/stm32f0_discoverry.elf elf32-littlearm)

.debug_info     0x0000000000000000     0x1538
 .debug_info    0x0000000000000000      0x11d ./output/systick.o
 .debug_info    0x000000000000011d      0x102 ./output/usart.o
 .debug_info    0x000000000000021f      0x1ff ./output/interrupt.o
 .debug_info    0x000000000000041e       0xd5 ./output/button_polling.o
 .debug_info    0x00000000000004f3      0x1c5 ./output/gpio.o
 .debug_info    0x00000000000006b8      0x342 ./output/clock.o
 .debug_info    0x00000000000009fa      0xb3e ./output/main.o

.debug_abbrev   0x0000000000000000      0x66e
 .debug_abbrev  0x0000000000000000       0xbd ./output/systick.o
 .debug_abbrev  0x00000000000000bd       0xbd ./output/usart.o
 .debug_abbrev  0x000000000000017a       0xca ./output/interrupt.o
 .debug_abbrev  0x0000000000000244       0xa3 ./output/button_polling.o
 .debug_abbrev  0x00000000000002e7       0xbd ./output/gpio.o
 .debug_abbrev  0x00000000000003a4       0xae ./output/clock.o
 .debug_abbrev  0x0000000000000452      0x21c ./output/main.o

.debug_aranges  0x0000000000000000       0xe0
 .debug_aranges
                0x0000000000000000       0x20 ./output/systick.o
 .debug_aranges
                0x0000000000000020       0x20 ./output/usart.o
 .debug_aranges
                0x0000000000000040       0x20 ./output/interrupt.o
 .debug_aranges
                0x0000000000000060       0x20 ./output/button_polling.o
 .debug_aranges
                0x0000000000000080       0x20 ./output/gpio.o
 .debug_aranges
                0x00000000000000a0       0x20 ./output/clock.o
 .debug_aranges
                0x00000000000000c0       0x20 ./output/main.o

.debug_line     0x0000000000000000      0x5ba
 .debug_line    0x0000000000000000       0x7e ./output/systick.o
 .debug_line    0x000000000000007e       0x79 ./output/usart.o
 .debug_line    0x00000000000000f7       0xfd ./output/interrupt.o
 .debug_line    0x00000000000001f4       0x7b ./output/button_polling.o
 .debug_line    0x000000000000026f       0x81 ./output/gpio.o
 .debug_line    0x00000000000002f0       0xea ./output/clock.o
 .debug_line    0x00000000000003da      0x1e0 ./output/main.o

.debug_str      0x0000000000000000      0x9e3
 .debug_str     0x0000000000000000      0x13e ./output/systick.o
                                        0x157 (size before relaxing)
 .debug_str     0x000000000000013e       0x3b ./output/usart.o
                                        0x133 (size before relaxing)
 .debug_str     0x0000000000000179      0x12d ./output/interrupt.o
                                        0x21b (size before relaxing)
 .debug_str     0x00000000000002a6       0x2c ./output/button_polling.o
                                        0x145 (size before relaxing)
 .debug_str     0x00000000000002d2       0x69 ./output/gpio.o
                                        0x18b (size before relaxing)
 .debug_str     0x000000000000033b      0x29e ./output/clock.o
                                        0x3df (size before relaxing)
 .debug_str     0x00000000000005d9      0x40a ./output/main.o
                                        0x792 (size before relaxing)

.comment        0x0000000000000000       0x7f
 .comment       0x0000000000000000       0x7f ./output/systick.o
                                         0x80 (size before relaxing)
 .comment       0x000000000000007f       0x80 ./output/usart.o
 .comment       0x000000000000007f       0x80 ./output/interrupt.o
 .comment       0x000000000000007f       0x80 ./output/button_polling.o
 .comment       0x000000000000007f       0x80 ./output/gpio.o
 .comment       0x000000000000007f       0x80 ./output/clock.o
 .comment       0x000000000000007f       0x80 ./output/main.o

.ARM.attributes
                0x0000000000000000       0x2f
 .ARM.attributes
                0x0000000000000000       0x31 ./output/systick.o
 .ARM.attributes
                0x0000000000000031       0x31 ./output/usart.o
 .ARM.attributes
                0x0000000000000062       0x31 ./output/interrupt.o
 .ARM.attributes
                0x0000000000000093       0x31 ./output/button_polling.o
 .ARM.attributes
                0x00000000000000c4       0x31 ./output/gpio.o
 .ARM.attributes
                0x00000000000000f5       0x31 ./output/clock.o
 .ARM.attributes
                0x0000000000000126       0x31 ./output/main.o
 .ARM.attributes
                0x0000000000000157       0x1b ./output/startup_ARMCM0.o

.debug_frame    0x0000000000000000      0x3d8
 .debug_frame   0x0000000000000000       0xb0 ./output/systick.o
 .debug_frame   0x00000000000000b0       0x70 ./output/usart.o
 .debug_frame   0x0000000000000120      0x134 ./output/interrupt.o
 .debug_frame   0x0000000000000254       0x30 ./output/button_polling.o
 .debug_frame   0x0000000000000284       0x90 ./output/gpio.o
 .debug_frame   0x0000000000000314       0x74 ./output/clock.o
 .debug_frame   0x0000000000000388       0x50 ./output/main.o
