
Allocating common symbols
Common symbol       size              file

temperature         0x8               ./output/main.o
huminity            0x8               ./output/main.o

Memory Configuration

Name             Origin             Length             Attributes
FLASH            0x0000000008000000 0x0000000000008000 xr
RAM              0x0000000020000000 0x0000000000001000 xrw
*default*        0x0000000000000000 0xffffffffffffffff

Linker script and memory map


.text           0x0000000008000000     0x1347
 *(.vectors)
 .vectors       0x0000000008000000       0xc0 ./output/startup_ARMCM0.o
                0x0000000008000000                __Vectors
                0x00000000080000c0                __Vectors_End = .
                0x00000000000000c0                __Vectors_Size = (__Vectors_End - __Vectors)
                0x00000000080000c0                __end__ = .
 *(.text*)
 .text          0x00000000080000c0      0x104 ./output/systick.o
                0x00000000080000c0                systick_init
                0x00000000080000fc                start_systick
                0x000000000800013c                get_flag_systick
                0x0000000008000164                delay_ms_systick
                0x0000000008000198                delay_us_systick
 .text          0x00000000080001c4      0x1f8 ./output/usart.o
                0x00000000080001c4                usart_init
                0x00000000080002a4                usart_send_byte
                0x00000000080002f0                usart_send_string
                0x0000000008000340                usart_send_1_data
                0x0000000008000380                usart_send_data
 .text          0x00000000080003bc      0x470 ./output/interrupt.o
                0x00000000080003bc                Reserved_IRQHandler
                0x00000000080003c2                NMI_Handler
                0x00000000080003c8                HardFault_Handler
                0x00000000080003ce                SVC_Handler
                0x00000000080003d4                PendSV_Handler
                0x00000000080003da                SysTick_Handler
                0x00000000080003e0                Interrupt_Extern_0
                0x0000000008000414                Interrupt_Uart_1_Function
                0x000000000800046c                enable_interrupt_EXTI
                0x000000000800079c                enable_interrupt_UART1
 .text          0x000000000800082c       0x7e ./output/button_polling.o
                0x000000000800082c                check_button_polling
 *fill*         0x00000000080008aa        0x2 
 .text          0x00000000080008ac      0x18c ./output/gpio.o
                0x00000000080008ac                init_gpio_pin
                0x0000000008000912                set_led_on
                0x0000000008000940                set_led_off
                0x0000000008000970                init_alt_pin
 .text          0x0000000008000a38      0x26c ./output/clock.o
                0x0000000008000a38                system_init
                0x0000000008000c2c                enable_clock_gpio
                0x0000000008000c74                enable_clock_uart
 .text          0x0000000008000ca4      0x198 ./output/dht11.o
                0x0000000008000ca4                dht11_init
                0x0000000008000ce0                read_data_dht11
                0x0000000008000d04                dht11_receive_data
 .text          0x0000000008000e3c      0x4ec ./output/main.o
                0x0000000008000e3c                delay
                0x0000000008000e7c                div
                0x0000000008000ec4                main
 .text          0x0000000008001328        0x4 ./output/startup_ARMCM0.o
                0x0000000008001328                Reset_Handler
 *(.init)
 *(.fini)
 *(.rodata*)
 .rodata        0x000000000800132c       0x1b ./output/main.o
 *(.eh_frame*)

.glue_7         0x0000000008001348        0x0
 .glue_7        0x0000000008001348        0x0 linker stubs

.glue_7t        0x0000000008001348        0x0
 .glue_7t       0x0000000008001348        0x0 linker stubs

.vfp11_veneer   0x0000000008001348        0x0
 .vfp11_veneer  0x0000000008001348        0x0 linker stubs

.v4_bx          0x0000000008001348        0x0
 .v4_bx         0x0000000008001348        0x0 linker stubs

.iplt           0x0000000008001348        0x0
 .iplt          0x0000000008001348        0x0 ./output/systick.o

.rel.dyn        0x0000000008001348        0x0
 .rel.iplt      0x0000000008001348        0x0 ./output/systick.o

.data           0x0000000020000000        0x0
                0x0000000020000000                __data_start__ = .
 *(vtable)
 *(.data*)
 .data          0x0000000020000000        0x0 ./output/systick.o
 .data          0x0000000020000000        0x0 ./output/usart.o
 .data          0x0000000020000000        0x0 ./output/interrupt.o
 .data          0x0000000020000000        0x0 ./output/button_polling.o
 .data          0x0000000020000000        0x0 ./output/gpio.o
 .data          0x0000000020000000        0x0 ./output/clock.o
 .data          0x0000000020000000        0x0 ./output/dht11.o
 .data          0x0000000020000000        0x0 ./output/main.o
 .data          0x0000000020000000        0x0 ./output/startup_ARMCM0.o
                0x0000000020000000                __data_end__ = .

.igot.plt       0x0000000020000000        0x0
 .igot.plt      0x0000000020000000        0x0 ./output/systick.o

.bss            0x0000000020000000       0x50
                0x0000000020000000                . = ALIGN (0x4)
                0x0000000020000000                __bss_start__ = .
 *(.bss*)
 .bss           0x0000000020000000        0x0 ./output/systick.o
 .bss           0x0000000020000000        0x0 ./output/usart.o
 .bss           0x0000000020000000        0x4 ./output/interrupt.o
                0x0000000020000000                state
 .bss           0x0000000020000004        0x0 ./output/button_polling.o
 .bss           0x0000000020000004        0x0 ./output/gpio.o
 .bss           0x0000000020000004        0x0 ./output/clock.o
 .bss           0x0000000020000004       0x14 ./output/dht11.o
                0x0000000020000004                dht11_data
 .bss           0x0000000020000018       0x28 ./output/main.o
                0x0000000020000018                send
                0x000000002000001c                rx_data
                0x0000000020000020                data
                0x0000000020000034                temp
                0x0000000020000038                start
                0x000000002000003c                fire
 .bss           0x0000000020000040        0x0 ./output/startup_ARMCM0.o
 *(COMMON)
 COMMON         0x0000000020000040        0x0 ./output/interrupt.o
 COMMON         0x0000000020000040       0x10 ./output/main.o
                0x0000000020000040                temperature
                0x0000000020000048                huminity
                0x0000000020000050                . = ALIGN (0x4)
                0x0000000020000050                __bss_end__ = .

.heap           0x0000000020000050      0x200
                0x0000000020000050                __HeapBase = .
                0x0000000020000050                __end__ = .
                0x0000000020000050                end = __end__
 *(.heap*)
 .heap          0x0000000020000050      0x200 ./output/startup_ARMCM0.o
                0x0000000020000250                __HeapLimit = .

.stack_dummy    0x0000000020000050      0x100
 *(.stack*)
 .stack         0x0000000020000050      0x100 ./output/startup_ARMCM0.o
                0x0000000020001000                __StackTop = (ORIGIN (RAM) + LENGTH (RAM))
                0x0000000020000f00                __StackLimit = (__StackTop - SIZEOF (.stack_dummy))
                [!provide]                        PROVIDE (__stack = __StackTop)
                0x0000000000000001                ASSERT ((__StackLimit >= __HeapLimit), region RAM overflowed with stack)
LOAD ./output/systick.o
LOAD ./output/usart.o
LOAD ./output/interrupt.o
LOAD ./output/button_polling.o
LOAD ./output/gpio.o
LOAD ./output/clock.o
LOAD ./output/dht11.o
LOAD ./output/main.o
LOAD ./output/startup_ARMCM0.o
OUTPUT(./output/stm32f0_discoverry.elf elf32-littlearm)

.debug_info     0x0000000000000000     0x18e4
 .debug_info    0x0000000000000000      0x13f ./output/systick.o
 .debug_info    0x000000000000013f      0x1a4 ./output/usart.o
 .debug_info    0x00000000000002e3      0x221 ./output/interrupt.o
 .debug_info    0x0000000000000504       0xec ./output/button_polling.o
 .debug_info    0x00000000000005f0      0x1e7 ./output/gpio.o
 .debug_info    0x00000000000007d7      0x364 ./output/clock.o
 .debug_info    0x0000000000000b3b      0x178 ./output/dht11.o
 .debug_info    0x0000000000000cb3      0xc31 ./output/main.o

.debug_abbrev   0x0000000000000000      0x835
 .debug_abbrev  0x0000000000000000       0xda ./output/systick.o
 .debug_abbrev  0x00000000000000da       0xda ./output/usart.o
 .debug_abbrev  0x00000000000001b4       0xe7 ./output/interrupt.o
 .debug_abbrev  0x000000000000029b       0xb3 ./output/button_polling.o
 .debug_abbrev  0x000000000000034e       0xda ./output/gpio.o
 .debug_abbrev  0x0000000000000428       0xcb ./output/clock.o
 .debug_abbrev  0x00000000000004f3       0xe5 ./output/dht11.o
 .debug_abbrev  0x00000000000005d8      0x25d ./output/main.o

.debug_aranges  0x0000000000000000      0x100
 .debug_aranges
                0x0000000000000000       0x20 ./output/systick.o
 .debug_aranges
                0x0000000000000020       0x20 ./output/usart.o
 .debug_aranges
                0x0000000000000040       0x20 ./output/interrupt.o
 .debug_aranges
                0x0000000000000060       0x20 ./output/button_polling.o
 .debug_aranges
                0x0000000000000080       0x20 ./output/gpio.o
 .debug_aranges
                0x00000000000000a0       0x20 ./output/clock.o
 .debug_aranges
                0x00000000000000c0       0x20 ./output/dht11.o
 .debug_aranges
                0x00000000000000e0       0x20 ./output/main.o

.debug_line     0x0000000000000000      0x7df
 .debug_line    0x0000000000000000       0x89 ./output/systick.o
 .debug_line    0x0000000000000089       0x95 ./output/usart.o
 .debug_line    0x000000000000011e      0x108 ./output/interrupt.o
 .debug_line    0x0000000000000226       0x86 ./output/button_polling.o
 .debug_line    0x00000000000002ac       0x8c ./output/gpio.o
 .debug_line    0x0000000000000338       0xf5 ./output/clock.o
 .debug_line    0x000000000000042d       0xbd ./output/dht11.o
 .debug_line    0x00000000000004ea      0x2f5 ./output/main.o

.debug_str      0x0000000000000000      0xaa8
 .debug_str     0x0000000000000000      0x159 ./output/systick.o
                                        0x172 (size before relaxing)
 .debug_str     0x0000000000000159       0x5d ./output/usart.o
                                        0x168 (size before relaxing)
 .debug_str     0x00000000000001b6      0x12d ./output/interrupt.o
                                        0x22e (size before relaxing)
 .debug_str     0x00000000000002e3       0x2c ./output/button_polling.o
                                        0x158 (size before relaxing)
 .debug_str     0x000000000000030f       0x69 ./output/gpio.o
                                        0x19e (size before relaxing)
 .debug_str     0x0000000000000378      0x29e ./output/clock.o
                                        0x3f2 (size before relaxing)
 .debug_str     0x0000000000000616       0x4e ./output/dht11.o
                                        0x197 (size before relaxing)
 .debug_str     0x0000000000000664      0x444 ./output/main.o
                                        0x7df (size before relaxing)

.comment        0x0000000000000000       0x7f
 .comment       0x0000000000000000       0x7f ./output/systick.o
                                         0x80 (size before relaxing)
 .comment       0x000000000000007f       0x80 ./output/usart.o
 .comment       0x000000000000007f       0x80 ./output/interrupt.o
 .comment       0x000000000000007f       0x80 ./output/button_polling.o
 .comment       0x000000000000007f       0x80 ./output/gpio.o
 .comment       0x000000000000007f       0x80 ./output/clock.o
 .comment       0x000000000000007f       0x80 ./output/dht11.o
 .comment       0x000000000000007f       0x80 ./output/main.o

.ARM.attributes
                0x0000000000000000       0x2f
 .ARM.attributes
                0x0000000000000000       0x31 ./output/systick.o
 .ARM.attributes
                0x0000000000000031       0x31 ./output/usart.o
 .ARM.attributes
                0x0000000000000062       0x31 ./output/interrupt.o
 .ARM.attributes
                0x0000000000000093       0x31 ./output/button_polling.o
 .ARM.attributes
                0x00000000000000c4       0x31 ./output/gpio.o
 .ARM.attributes
                0x00000000000000f5       0x31 ./output/clock.o
 .ARM.attributes
                0x0000000000000126       0x31 ./output/dht11.o
 .ARM.attributes
                0x0000000000000157       0x31 ./output/main.o
 .ARM.attributes
                0x0000000000000188       0x1b ./output/startup_ARMCM0.o

.debug_frame    0x0000000000000000      0x4a8
 .debug_frame   0x0000000000000000       0xb0 ./output/systick.o
 .debug_frame   0x00000000000000b0       0xb0 ./output/usart.o
 .debug_frame   0x0000000000000160      0x134 ./output/interrupt.o
 .debug_frame   0x0000000000000294       0x30 ./output/button_polling.o
 .debug_frame   0x00000000000002c4       0x90 ./output/gpio.o
 .debug_frame   0x0000000000000354       0x74 ./output/clock.o
 .debug_frame   0x00000000000003c8       0x70 ./output/dht11.o
 .debug_frame   0x0000000000000438       0x70 ./output/main.o
